******************************************************************************
             TMS320C2000 Linker PC v5.2.1                      
******************************************************************************
>> Linked Mon Dec 16 09:01:35 2019

OUTPUT FILE NAME:   <./Debug/HelloDSP.out>
ENTRY POINT SYMBOL: "_c_int00"  address: 003f81f3


MEMORY CONFIGURATION

         name            origin    length      used     unused   attr    fill
----------------------  --------  ---------  --------  --------  ----  --------
PAGE 0:
  PRAMH0                003f8000   00001000  00000348  00000cb8  RWIX

PAGE 1:
  RAMM0                 00000000   00000400  00000000  00000400  RWIX
  RAMM1                 00000400   00000400  00000320  000000e0  RWIX
  DEV_EMU               00000880   00000180  000000d6  000000aa  RWIX
  FLASH_REGS            00000a80   00000060  00000008  00000058  RWIX
  CSM                   00000ae0   00000010  00000010  00000000  RWIX
  XINTF                 00000b20   00000020  00000020  00000000  RWIX
  CPU_TIMER0            00000c00   00000008  00000008  00000000  RWIX
  CPU_TIMER1            00000c08   00000008  00000008  00000000  RWIX
  CPU_TIMER2            00000c10   00000008  00000008  00000000  RWIX
  PIE_CTRL              00000ce0   00000020  0000001a  00000006  RWIX
  PIE_VECT              00000d00   00000100  00000100  00000000  RWIX
  ECAN_A                00006000   00000100  00000034  000000cc  RWIX
  ECAN_AMBOX            00006100   00000100  00000100  00000000  RWIX
  SYSTEM                00007010   00000020  00000020  00000000  RWIX
  SPI_A                 00007040   00000010  00000010  00000000  RWIX
  SCI_A                 00007050   00000010  00000010  00000000  RWIX
  XINTRUPT              00007070   00000010  00000010  00000000  RWIX
  GPIOMUX               000070c0   00000020  00000020  00000000  RWIX
  GPIODAT               000070e0   00000020  00000020  00000000  RWIX
  ADC                   00007100   00000020  0000001a  00000006  RWIX
  EV_A                  00007400   00000040  00000032  0000000e  RWIX
  EV_B                  00007500   00000040  00000032  0000000e  RWIX
  SPI_B                 00007740   00000010  00000000  00000010  RWIX
  SCI_B                 00007750   00000010  00000010  00000000  RWIX
  MCBSP_A               00007800   00000040  00000025  0000001b  RWIX
  CSM_PWL               003f7ff8   00000008  00000008  00000000  RWIX
  DRAMH0                003f9000   00001000  00000120  00000ee0  RWIX


SECTION ALLOCATION MAP

 output                                  attributes/
section   page    origin      length       input sections
--------  ----  ----------  ----------   ----------------
.text      0    003f8000    00000330     
                  003f8000    0000014a     DSP28_DefaultIsr.obj (.text)
                  003f814a    0000005a     rts2800_ml.lib : fs_mpy.obj (.text)
                  003f81a4    0000004f     DSP28_CpuTimers.obj (.text)
                  003f81f3    00000044     rts2800_ml.lib : boot.obj (.text)
                  003f8237    00000029                    : fs_tol.obj (.text)
                  003f8260    00000026     DSP28_SysCtrl.obj (.text)
                  003f8286    00000021     DSP28_PieCtrl.obj (.text)
                  003f82a7    00000020     DSP28_PieVect.obj (.text)
                  003f82c7    0000001f     DSP28_Xintf.obj (.text)
                  003f82e6    0000001b     rts2800_ml.lib : args_main.obj (.text)
                  003f8301    00000019                    : exit.obj (.text)
                  003f831a    00000009                    : _lock.obj (.text)
                  003f8323    00000004     DSP28_Gpio.obj (.text)
                  003f8327    00000001     DSP28_Adc.obj (.text)
                  003f8328    00000001     DSP28_ECan.obj (.text)
                  003f8329    00000001     DSP28_Ev.obj (.text)
                  003f832a    00000001     DSP28_InitPeripherals.obj (.text)
                  003f832b    00000001     DSP28_Mcbsp.obj (.text)
                  003f832c    00000001     DSP28_Sci.obj (.text)
                  003f832d    00000001     DSP28_Spi.obj (.text)
                  003f832e    00000001     DSP28_XIntrupt.obj (.text)
                  003f832f    00000001     mainx.obj (.text)

.cinit     0    003f8330    00000016     
                  003f8330    0000000a     rts2800_ml.lib : _lock.obj (.cinit)
                  003f833a    0000000a                    : exit.obj (.cinit)
                  003f8344    00000002     --HOLE-- [fill = 0]

.reset     0    003f8346    00000002     
                  003f8346    00000002     rts2800_ml.lib : boot.obj (.reset)

.stack     1    00000400    00000320     UNINITIALIZED
                  00000400    00000320     --HOLE--

DevEmuRegsFile 
*          1    00000880    000000d6     UNINITIALIZED
                  00000880    000000d6     DSP28_GlobalVariableDefs.obj (DevEmuRegsFile)

FlashRegsFile 
*          1    00000a80    00000008     UNINITIALIZED
                  00000a80    00000008     DSP28_GlobalVariableDefs.obj (FlashRegsFile)

CsmRegsFile 
*          1    00000ae0    00000010     UNINITIALIZED
                  00000ae0    00000010     DSP28_GlobalVariableDefs.obj (CsmRegsFile)

XintfRegsFile 
*          1    00000b20    00000020     UNINITIALIZED
                  00000b20    00000020     DSP28_GlobalVariableDefs.obj (XintfRegsFile)

CpuTimer0RegsFile 
*          1    00000c00    00000008     UNINITIALIZED
                  00000c00    00000008     DSP28_GlobalVariableDefs.obj (CpuTimer0RegsFile)

CpuTimer1RegsFile 
*          1    00000c08    00000008     UNINITIALIZED
                  00000c08    00000008     DSP28_GlobalVariableDefs.obj (CpuTimer1RegsFile)

CpuTimer2RegsFile 
*          1    00000c10    00000008     UNINITIALIZED
                  00000c10    00000008     DSP28_GlobalVariableDefs.obj (CpuTimer2RegsFile)

PieCtrlRegsFile 
*          1    00000ce0    0000001a     UNINITIALIZED
                  00000ce0    0000001a     DSP28_GlobalVariableDefs.obj (PieCtrlRegsFile)

PieVectTable 
*          1    00000d00    00000100     UNINITIALIZED
                  00000d00    00000100     DSP28_GlobalVariableDefs.obj (PieVectTable)

ECanaRegsFile 
*          1    00006000    00000034     UNINITIALIZED
                  00006000    00000034     DSP28_GlobalVariableDefs.obj (ECanaRegsFile)

ECanaMboxesFile 
*          1    00006100    00000100     UNINITIALIZED
                  00006100    00000100     DSP28_GlobalVariableDefs.obj (ECanaMboxesFile)

SysCtrlRegsFile 
*          1    00007010    00000020     UNINITIALIZED
                  00007010    00000020     DSP28_GlobalVariableDefs.obj (SysCtrlRegsFile)

SpiaRegsFile 
*          1    00007040    00000010     UNINITIALIZED
                  00007040    00000010     DSP28_GlobalVariableDefs.obj (SpiaRegsFile)

SciaRegsFile 
*          1    00007050    00000010     UNINITIALIZED
                  00007050    00000010     DSP28_GlobalVariableDefs.obj (SciaRegsFile)

XIntruptRegsFile 
*          1    00007070    00000010     UNINITIALIZED
                  00007070    00000010     DSP28_GlobalVariableDefs.obj (XIntruptRegsFile)

GpioMuxRegsFile 
*          1    000070c0    00000020     UNINITIALIZED
                  000070c0    00000020     DSP28_GlobalVariableDefs.obj (GpioMuxRegsFile)

GpioDataRegsFile 
*          1    000070e0    00000020     UNINITIALIZED
                  000070e0    00000020     DSP28_GlobalVariableDefs.obj (GpioDataRegsFile)

AdcRegsFile 
*          1    00007100    0000001a     UNINITIALIZED
                  00007100    0000001a     DSP28_GlobalVariableDefs.obj (AdcRegsFile)

EvaRegsFile 
*          1    00007400    00000032     UNINITIALIZED
                  00007400    00000032     DSP28_GlobalVariableDefs.obj (EvaRegsFile)

EvbRegsFile 
*          1    00007500    00000032     UNINITIALIZED
                  00007500    00000032     DSP28_GlobalVariableDefs.obj (EvbRegsFile)

ScibRegsFile 
*          1    00007750    00000010     UNINITIALIZED
                  00007750    00000010     DSP28_GlobalVariableDefs.obj (ScibRegsFile)

McbspaRegsFile 
*          1    00007800    00000025     UNINITIALIZED
                  00007800    00000025     DSP28_GlobalVariableDefs.obj (McbspaRegsFile)

CsmPwlFile 
*          1    003f7ff8    00000008     UNINITIALIZED
                  003f7ff8    00000008     DSP28_GlobalVariableDefs.obj (CsmPwlFile)

.bss       1    003f9000    00000000     UNINITIALIZED

.econst    1    003f9000    00000100     
                  003f9000    00000100     DSP28_PieVect.obj (.econst)

.ebss      1    003f9100    00000020     UNINITIALIZED
                  003f9100    00000018     DSP28_CpuTimers.obj (.ebss)
                  003f9118    00000004     rts2800_ml.lib : _lock.obj (.ebss)
                  003f911c    00000004                    : exit.obj (.ebss)


GLOBAL SYMBOLS: SORTED ALPHABETICALLY BY Name 

address    name
--------   ----
003f9000   .bss
003f8000   .text
003f8301   C$$EXIT
003f814a   FS$$MPY
003f8237   FS$$TOL
003f8069   _ADCINT_ISR
00007100   _AdcRegs
003f80b4   _CAPINT1_ISR
003f80b9   _CAPINT2_ISR
003f80be   _CAPINT3_ISR
003f80ff   _CAPINT4_ISR
003f8104   _CAPINT5_ISR
003f8109   _CAPINT6_ISR
003f807d   _CMP1INT_ISR
003f8082   _CMP2INT_ISR
003f8087   _CMP3INT_ISR
003f80c8   _CMP4INT_ISR
003f80cd   _CMP5INT_ISR
003f80d2   _CMP6INT_ISR
003f81bb   _ConfigCpuTimer
003f9110   _CpuTimer0
00000c00   _CpuTimer0Regs
003f9100   _CpuTimer1
00000c08   _CpuTimer1Regs
003f9108   _CpuTimer2
00000c10   _CpuTimer2Regs
003f7ff8   _CsmPwl
00000ae0   _CsmRegs
003f8019   _DATALOG_ISR
00000880   _DevEmuRegs
003f8136   _ECAN0INTA_ISR
003f813b   _ECAN1INTA_ISR
00006100   _ECanaMboxes
00006000   _ECanaRegs
003f8023   _EMUINT_ISR
00007400   _EvaRegs
00007500   _EvbRegs
00000a80   _FlashRegs
000070e0   _GpioDataRegs
000070c0   _GpioMuxRegs
003f8028   _ILLEGAL_ISR
003f8000   _INT13_ISR
003f8005   _INT14_ISR
003f8327   _InitAdc
003f81a4   _InitCpuTimers
003f8328   _InitECan
003f8329   _InitEv
003f8323   _InitGpio
003f832b   _InitMcbsp
003f832a   _InitPeripherals
003f8286   _InitPieCtrl
003f82a7   _InitPieVectTable
003f832c   _InitSci
003f832d   _InitSpi
003f8260   _InitSysCtrl
003f832e   _InitXIntrupt
003f82c7   _InitXintf
003f810e   _MRINTA_ISR
003f8113   _MXINTA_ISR
00007800   _McbspaRegs
003f800a   _NMI_ISR
003f8078   _PDPINTA_ISR
003f80c3   _PDPINTB_ISR
003f8140   _PIE_RESERVED
00000ce0   _PieCtrl
00000d00   _PieVectTable
003f9000   _PieVectTableInit
003f801e   _RTOSINT_ISR
003f8122   _SCIRXINTA_ISR
003f812c   _SCIRXINTB_ISR
003f8127   _SCITXINTA_ISR
003f8131   _SCITXINTB_ISR
003f8118   _SPIRXINTA_ISR
003f811d   _SPITXINTA_ISR
00007050   _SciaRegs
00007750   _ScibRegs
00007040   _SpiaRegs
00007010   _SysCtrlRegs
003f8091   _T1CINT_ISR
003f809b   _T1OFINT_ISR
003f808c   _T1PINT_ISR
003f8096   _T1UFINT_ISR
003f80a5   _T2CINT_ISR
003f80af   _T2OFINT_ISR
003f80a0   _T2PINT_ISR
003f80aa   _T2UFINT_ISR
003f80dc   _T3CINT_ISR
003f80e6   _T3OFINT_ISR
003f80d7   _T3PINT_ISR
003f80e1   _T3UFINT_ISR
003f80f0   _T4CINT_ISR
003f80fa   _T4OFINT_ISR
003f80eb   _T4PINT_ISR
003f80f5   _T4UFINT_ISR
003f806e   _TINT0_ISR
003f802d   _USER0_ISR
003f805f   _USER10_ISR
003f8064   _USER11_ISR
003f8032   _USER1_ISR
003f8037   _USER2_ISR
003f803c   _USER3_ISR
003f8041   _USER4_ISR
003f8046   _USER5_ISR
003f804b   _USER6_ISR
003f8050   _USER7_ISR
003f8055   _USER8_ISR
003f805a   _USER9_ISR
003f8073   _WAKEINT_ISR
003f800f   _XINT1_ISR
003f8014   _XINT2_ISR
00007070   _XIntruptRegs
00000b20   _XintfRegs
00000720   __STACK_END
00000320   __STACK_SIZE
00000001   __TI_args_main
ffffffff   ___binit__
003f9000   ___bss__
ffffffff   ___c_args__
003f8330   ___cinit__
003f9000   ___end__
003f8330   ___etext__
ffffffff   ___pinit__
003f8000   ___text__
003f82e6   __args_main
003f911c   __cleanup_ptr
003f911e   __dtors_ptr
003f911a   __lock
003f8322   __nop
003f831e   __register_lock
003f831a   __register_unlock
00000400   __stack
003f9118   __unlock
003f8301   _abort
003f81f3   _c_int00
003f8303   _exit
003f832f   _main
003f8145   _rsvd_ISR
ffffffff   binit
003f8330   cinit
003f9000   end
003f8330   etext
ffffffff   pinit


GLOBAL SYMBOLS: SORTED BY Symbol Address 

address    name
--------   ----
00000001   __TI_args_main
00000320   __STACK_SIZE
00000400   __stack
00000720   __STACK_END
00000880   _DevEmuRegs
00000a80   _FlashRegs
00000ae0   _CsmRegs
00000b20   _XintfRegs
00000c00   _CpuTimer0Regs
00000c08   _CpuTimer1Regs
00000c10   _CpuTimer2Regs
00000ce0   _PieCtrl
00000d00   _PieVectTable
00006000   _ECanaRegs
00006100   _ECanaMboxes
00007010   _SysCtrlRegs
00007040   _SpiaRegs
00007050   _SciaRegs
00007070   _XIntruptRegs
000070c0   _GpioMuxRegs
000070e0   _GpioDataRegs
00007100   _AdcRegs
00007400   _EvaRegs
00007500   _EvbRegs
00007750   _ScibRegs
00007800   _McbspaRegs
003f7ff8   _CsmPwl
003f8000   .text
003f8000   _INT13_ISR
003f8000   ___text__
003f8005   _INT14_ISR
003f800a   _NMI_ISR
003f800f   _XINT1_ISR
003f8014   _XINT2_ISR
003f8019   _DATALOG_ISR
003f801e   _RTOSINT_ISR
003f8023   _EMUINT_ISR
003f8028   _ILLEGAL_ISR
003f802d   _USER0_ISR
003f8032   _USER1_ISR
003f8037   _USER2_ISR
003f803c   _USER3_ISR
003f8041   _USER4_ISR
003f8046   _USER5_ISR
003f804b   _USER6_ISR
003f8050   _USER7_ISR
003f8055   _USER8_ISR
003f805a   _USER9_ISR
003f805f   _USER10_ISR
003f8064   _USER11_ISR
003f8069   _ADCINT_ISR
003f806e   _TINT0_ISR
003f8073   _WAKEINT_ISR
003f8078   _PDPINTA_ISR
003f807d   _CMP1INT_ISR
003f8082   _CMP2INT_ISR
003f8087   _CMP3INT_ISR
003f808c   _T1PINT_ISR
003f8091   _T1CINT_ISR
003f8096   _T1UFINT_ISR
003f809b   _T1OFINT_ISR
003f80a0   _T2PINT_ISR
003f80a5   _T2CINT_ISR
003f80aa   _T2UFINT_ISR
003f80af   _T2OFINT_ISR
003f80b4   _CAPINT1_ISR
003f80b9   _CAPINT2_ISR
003f80be   _CAPINT3_ISR
003f80c3   _PDPINTB_ISR
003f80c8   _CMP4INT_ISR
003f80cd   _CMP5INT_ISR
003f80d2   _CMP6INT_ISR
003f80d7   _T3PINT_ISR
003f80dc   _T3CINT_ISR
003f80e1   _T3UFINT_ISR
003f80e6   _T3OFINT_ISR
003f80eb   _T4PINT_ISR
003f80f0   _T4CINT_ISR
003f80f5   _T4UFINT_ISR
003f80fa   _T4OFINT_ISR
003f80ff   _CAPINT4_ISR
003f8104   _CAPINT5_ISR
003f8109   _CAPINT6_ISR
003f810e   _MRINTA_ISR
003f8113   _MXINTA_ISR
003f8118   _SPIRXINTA_ISR
003f811d   _SPITXINTA_ISR
003f8122   _SCIRXINTA_ISR
003f8127   _SCITXINTA_ISR
003f812c   _SCIRXINTB_ISR
003f8131   _SCITXINTB_ISR
003f8136   _ECAN0INTA_ISR
003f813b   _ECAN1INTA_ISR
003f8140   _PIE_RESERVED
003f8145   _rsvd_ISR
003f814a   FS$$MPY
003f81a4   _InitCpuTimers
003f81bb   _ConfigCpuTimer
003f81f3   _c_int00
003f8237   FS$$TOL
003f8260   _InitSysCtrl
003f8286   _InitPieCtrl
003f82a7   _InitPieVectTable
003f82c7   _InitXintf
003f82e6   __args_main
003f8301   C$$EXIT
003f8301   _abort
003f8303   _exit
003f831a   __register_unlock
003f831e   __register_lock
003f8322   __nop
003f8323   _InitGpio
003f8327   _InitAdc
003f8328   _InitECan
003f8329   _InitEv
003f832a   _InitPeripherals
003f832b   _InitMcbsp
003f832c   _InitSci
003f832d   _InitSpi
003f832e   _InitXIntrupt
003f832f   _main
003f8330   ___cinit__
003f8330   ___etext__
003f8330   cinit
003f8330   etext
003f9000   .bss
003f9000   _PieVectTableInit
003f9000   ___bss__
003f9000   ___end__
003f9000   end
003f9100   _CpuTimer1
003f9108   _CpuTimer2
003f9110   _CpuTimer0
003f9118   __unlock
003f911a   __lock
003f911c   __cleanup_ptr
003f911e   __dtors_ptr
ffffffff   ___binit__
ffffffff   ___c_args__
ffffffff   ___pinit__
ffffffff   binit
ffffffff   pinit

[142 symbols]
