C51 COMPILER V9.01   MAINX                                                                 11/04/2019 17:20:13 PAGE 1   


C51 COMPILER V9.01, COMPILATION OF MODULE MAINX
OBJECT MODULE PLACED IN MainX.OBJ
COMPILER INVOKED BY: C:\dev\Keil\C51\BIN\C51.EXE MainX.c BROWSE DEBUG OBJECTEXTEND

line level    source

   1          #include<reg51.h>
   2          #include<intrins.h>
   3          #include<string.h>
   4          #include<stdlib.h>
   5          #include<stdio.h>
   6          
   7          #define INT8U unsigned char
   8          #define INT16U unsigned int
   9          
  10          extern void delay_ms(INT16U x);
  11          extern void LCD_Initialize();
  12          extern void LCD_String(INT8U r,INT8U c,INT8U *str);
  13          extern INT8U Temp_Value[];
  14          extern void delayx(INT16U x);
  15          extern INT8U Read_temperature();
  16          
  17          sbit MA=P1^0; //直流电机A端
  18          sbit MB=P1^1; //直流电机B端
  19          sbit PWM=P1^2; //pulse width modification 脉冲宽度调制 功能调速
  20          
  21          void main()
  22          {
  23   1              float tempv = 0.0;
  24   1              INT8U temp_buff[17];
  25   1              
  26   1              LCD_Initialize();
  27   1              LCD_String(0, 0, "  RECENT TEMP   ");
  28   1              LCD_String(1, 0, "     WAITING....");
  29   1              Read_temperature();
  30   1              delay_ms(500);
  31   1              
  32   1              while(1)
  33   1              {
  34   2                      if(Read_temperature())
  35   2                      {
  36   3                              tempv = (((int)Temp_Value[1]<<8) | (int)Temp_Value[0]) * 0.0625;
  37   3                              sprintf(temp_buff, "TEMP:  %5.1f\xDF\x43", tempv);
  38   3                              LCD_String(1, 0, temp_buff);
  39   3                              
  40   3                              if(tempv>=75) tempv = 75;
  41   3                              if(tempv<=0) tempv = 0;
  42   3                              
  43   3                              if(tempv>=45)
  44   3                              {
  45   4                                      MA = 1;
  46   4                                      MB = 0;
  47   4                                      
  48   4                                      if(tempv==45) PWM = 0;
  49   4                                      else if(tempv==75) PWM = 1;
  50   4                                      else
  51   4                                      {
  52   5                                              PWM = 1; delay_ms(tempv-45);
  53   5                                              PWM = 0; delay_ms(75-tempv);
  54   5                                      }
  55   4                              }
C51 COMPILER V9.01   MAINX                                                                 11/04/2019 17:20:13 PAGE 2   

  56   3                              else if(tempv<=10)
  57   3                              {
  58   4                                      MA = 0;
  59   4                                      MB = 1;
  60   4                                      
  61   4                                      if(tempv==10) PWM = 0;
  62   4                                      else if(tempv==0) PWM = 1;
  63   4                                      else
  64   4                                      {
  65   5                                              PWM = 1; delay_ms(10-tempv);
  66   5                                              PWM = 0; delay_ms(tempv);
  67   5                                      }
  68   4                              }
  69   3                              else
  70   3                              {
  71   4                                      MA = 0;
  72   4                                      MB = 0;
  73   4                                      PWM = 0;
  74   4                              }
  75   3                              
  76   3                      }
  77   2                      delay_ms(50);
  78   2              }
  79   1              
  80   1      }


MODULE INFORMATION:   STATIC OVERLAYABLE
   CODE SIZE        =    436    ----
   CONSTANT SIZE    =     49    ----
   XDATA SIZE       =   ----    ----
   PDATA SIZE       =   ----    ----
   DATA SIZE        =   ----      21
   IDATA SIZE       =   ----    ----
   BIT SIZE         =   ----    ----
END OF MODULE INFORMATION.


C51 COMPILATION COMPLETE.  0 WARNING(S),  0 ERROR(S)
